[www.boombox-boxing.com/index.html]
[backblue.gif]
[fade.gif]
[index.html]
[images.squarespace-cdn.com/content/5ace837a2487fdb13967b5b3/1547834129632-7XB7M3UJVYXB8BKPYKF3/BOOMBOX-social-share2acd.png]
[assets.squarespace.com/@sqs/polyfiller/1.2.2/legacy.js]
[use.typekit.net/ik/j6wvhnGhJLgafQ7ohxZMAFJBAqtn3LwtbWsnbXo_8uCfeTtIfFHN4UJLFRbh52jhWDmyjh9twDiywRbtFhZqjRID5QjajRmKwU7dMkG0jAFu-WsoShFGZAsude80ZkoRdhXCHKoyjamTiY8Djhy8ZYmC-Ao1Oco8i]
[assets.squarespace.com/@sqs/polyfiller/1.2.2/modern.js]
[assets.squarespace.com/universal/scripts-compressed/extract-css-runtime-4c7614256537fb97cc5fb-min.en-US.js]
[assets.squarespace.com/universal/scripts-compressed/cldr-resource-pack-83b0e6eb9a2c7557ad4c0-min.en-US.js]
[assets.squarespace.com/universal/scripts-compressed/common-vendors-stable-9b2a74c45b27271fd111d-min.en-US.js]
[assets.squarespace.com/universal/scripts-compressed/extract-css-moment-js-vendor-98bddc81dc37f44faa7b2-min.en-US.js]
[assets.squarespace.com/universal/styles-compressed/commerce-42e904b2189a7c1684dd6-min.en-US.css]
[assets.squarespace.com/universal/scripts-compressed/performance-7532c45b5785b33eab5ea-min.en-US.js]
[www.boombox-boxing.com/homea409]
[static1.squarespace.com/static/sitecss/5ace837a2487fdb13967b5b3/574/5c9d5b73e5e5f06a0834535d/5c9d5b74e5e5f06a08345365/0/site.css]
[assets.squarespace.com/universal/scripts-compressed/common-vendors-1ee6d06736c48fc450ed0-min.en-US.js]
[static.marianatek.com/assets/app-da0441bae7111b6b5b26e0881bf2404c.css]
[ajax.googleapis.com/ajax/libs/jquery/3.3.1/jquery.min.js]
[images.squarespace-cdn.com/content/v1/5ace837a2487fdb13967b5b3/1547195936538-AG5YA4X55PP7NISBHD0A/BOOMBOX-Logo-Horizontal-White-PrintReady+copy26f7.png]
[assets.squarespace.com/universal/scripts-compressed/commerce-c95bf4829c55bdeac1d69-min.en-US.js]
[assets.squarespace.com/universal/scripts-compressed/common-9ec21d4227029e53988ef-min.en-US.js]
[www.boombox-boxing.com/cart.html]
[www.boombox-boxing.com/search.html]
[www.boombox-boxing.com/buy-1.html]
[www.boombox-boxing.com/login.html]
[www.boombox-boxing.com/schedule.html]
[www.boombox-boxing.com/shop.html]
[www.boombox-boxing.com/coaches.html]
[www.boombox-boxing.com/contact.html]
[www.boombox-boxing.com/buy.html]
[www.boombox-boxing.com/our-story.html]
[www.boombox-boxing.com/the-workout.html]
[www.boombox-boxing.com/first-timers.html]
[images.squarespace-cdn.com/content/v1/5ace837a2487fdb13967b5b3/a7c8e1b9-0aca-4c7e-baf8-2a1b72efa240/IMG_0804.jpg]
[images.squarespace-cdn.com/content/v1/5ace837a2487fdb13967b5b3/68ec7de6-e744-4a74-8ffa-0b15d02a5ae1/img_0672+2.jpg]
[images.squarespace-cdn.com/content/v1/5ace837a2487fdb13967b5b3/1647727084609-3U7OPR091LA1NLDWVI6P/_dsc8581.jpg]
[images.squarespace-cdn.com/content/v1/5ace837a2487fdb13967b5b3/1647235360814-BSZOZAEJ7PHGQ2Q0YABJ/IMG_9615.jpg]
[images.squarespace-cdn.com/content/v1/5ace837a2487fdb13967b5b3/1647727392135-GRGRBNV0DE73AFA3CVWJ/IMG_0878.jpg]
[images.squarespace-cdn.com/content/v1/5ace837a2487fdb13967b5b3/1647727244531-70ZE4YZJKDDGE3YRMEUP/img_8642.jpg]
[images.squarespace-cdn.com/content/v1/5ace837a2487fdb13967b5b3/1647727289636-RE9DU74R6JIYG4Y53ZXS/img_9088.jpg]
[images.squarespace-cdn.com/content/v1/5ace837a2487fdb13967b5b3/1647728214406-0DYN1LOQYX571FW6GI6W/068a9650.jpg]
[images.squarespace-cdn.com/content/v1/5ace837a2487fdb13967b5b3/1553989013885-H0ZCVGPIUR917QFYDIZJ/1553988858616.png]
[www.boombox-boxing.com/careers.html]
[www.boombox-boxing.com/house-rules.html]
[www.boombox-boxing.com/press.html]
[www.boombox-boxing.com/terms.html]
[static1.squarespace.com/static/ta/5ace837a2487fdb13967b5b3/0/scripts/site-bundle.js]
[www.boombox-boxing.com/return-policy.html]
[www.boombox-boxing.com/index.html]
[assets.squarespace.com/universal/images-v6/standard/icon_close_7_light.png]
[assets.squarespace.com/universal/styles-compressed/commerce-42e904b2189a7c1684dd6-min.en-US.css]
[assets.squarespace.com/universal/images-v6/damask/error-dark.png]
[assets.squarespace.com/universal/images-v6/damask/error-dark@2x.png]
[assets.squarespace.com/universal/images-v6/damask/play-button.png]
[assets.squarespace.com/universal/images-v6/damask/play-button@2x.png]
[assets.squarespace.com/universal/images-v6/damask/edit-aviary-light.png]
[assets.squarespace.com/universal/images-v6/damask/edit-aviary-light@2x.png]
[www.boombox-boxing.com/login/index.html]
[assets.squarespace.com/universal/images-v6/damask/edit-info-light.png]
[assets.squarespace.com/universal/images-v6/damask/edit-info-light@2x.png]
[assets.squarespace.com/universal/images-v6/damask/trash-9-light.png]
[assets.squarespace.com/universal/images-v6/damask/trash-9-light@2x.png]
[static.marianatek.com/assets/app-64f40ea71c457d98fbf151f75c16de65.js]
[assets.squarespace.com/universal/images-v6/damask/trash-9-red.png]
[assets.squarespace.com/universal/images-v6/damask/trash-9-red@2x.png]
[assets.squarespace.com/universal/images-v6/damask/getty-16-light.png]
[assets.squarespace.com/universal/images-v6/damask/getty-32-light.png]
[assets.squarespace.com/universal/images-v6/damask/shopping-cart-16-light.png]
[assets.squarespace.com/universal/images-v6/damask/shopping-cart-32-light.png]
[static1.squarespace.com/universal/images-v6/icons/block-indicator-dark.png]
[static1.squarespace.com/universal/images-v6/icons/block-indicator-dark@2x.png]
[static1.squarespace.com/universal/images-v6/icons/opentable-icons.png]
[static1.squarespace.com/universal/images-v6/icons/icon-searchqueries-20-dark.png]
[static1.squarespace.com/universal/images-v6/icons/icon-searchqueries-20-light.png]
[assets.squarespace.com/universal/images-v6/icons/icon-video-24-light-solid.png]
[static1.squarespace.com/universal/images-v6/damask/image-inside-64-dark.png]
[static1.squarespace.com/universal/images-v6/damask/image-inside-128-dark.png]
[assets.squarespace.com/universal/images-v6/icons/icon-settings-16-light.png]
[static1.squarespace.com/static/5ace837a2487fdb13967b5b3/t/5ea5ad5f6539873067b5deea/1587916145864/menu-background-full.png]
[static1.squarespace.com/static/sitecss/5ace837a2487fdb13967b5b3/574/5c9d5b73e5e5f06a0834535d/5c9d5b74e5e5f06a08345365/0/site.css]
[static.marianatek.com/assets/app-da0441bae7111b6b5b26e0881bf2404c.css]
[www.googletagmanager.com/gtm5445.html]
[www.boombox-boxing.com/assets/ui-icons.svg]
[www.boombox-boxing.com/cart.html]
[www.boombox-boxing.com/search.html]
[www.boombox-boxing.com/buy-1.html]
[www.boombox-boxing.com/login.html]
[assets.squarespace.com/universal/scripts-compressed/extract-css-runtime-3a49d64b287a02102ec6c-min.en-US.js]
[www.boombox-boxing.com/schedule.html]
[assets.squarespace.com/universal/scripts-compressed/extract-css-runtime-e3a027808c05ebfab7e63-min.en-US.js]
[www.boombox-boxing.com/shopa409]
[www.boombox-boxing.com/store/jefe-glove.html]
[www.boombox-boxing.com/store/1jccluz7ed08o5s81qn0ftuc6yleq7.html]
[www.boombox-boxing.com/store/yut39twxoa3x1sndkvad0b5oj29dvq.html]
[www.boombox-boxing.com/store/assassin-hoodie.html]
[www.boombox-boxing.com/store/oh-so-pretty.html]
[www.boombox-boxing.com/store/say-it-with-yo-chest.html]
[www.boombox-boxing.com/store/box-out-tank.html]
[www.boombox-boxing.com/store/creme-de-la-croc.html]
[www.boombox-boxing.com/store/money-set.html]
[www.boombox-boxing.com/store/edgy-bra.html]
[www.boombox-boxing.com/storedad2.html]
[images.squarespace-cdn.com/content/v1/5ace837a2487fdb13967b5b3/1588015914244-1EFSPCGJBB7WR7ZCLZ7X/items+boombox-hoodie1.jpg]
[www.boombox-boxing.com/store641b.html]
[images.squarespace-cdn.com/content/v1/5ace837a2487fdb13967b5b3/1588015936393-669GGTQZT7EIBG5Q1B1S/The+Commander+Tee-Black.jpg]
[www.boombox-boxing.com/storebfb0.html]
[images.squarespace-cdn.com/content/v1/5ace837a2487fdb13967b5b3/1588015952362-4H3Z6QHS2C5UMTROS77Y/_Jefe+Glove-Matte+Black+BOOMBOX+Training+Glove+.jpg]
[www.boombox-boxing.com/store7ec4.html]
[www.boombox-boxing.com/shop.html]
[www.boombox-boxing.com/instructors/angela.html]
[www.boombox-boxing.com/instructors/reggie.html]
[www.boombox-boxing.com/instructors/david.html]
[www.boombox-boxing.com/instructors/belle.html]
[www.boombox-boxing.com/instructors/roma.html]
[www.boombox-boxing.com/instructors/aaron.html]
[www.boombox-boxing.com/instructors/thorpe.html]
[www.boombox-boxing.com/instructors/rikkia.html]
[www.boombox-boxing.com/instructors/alyssia.html]
[www.boombox-boxing.com/coaches.html]
[www.boombox-boxing.com/contact.html]
[www.boombox-boxing.com/buy.html]
[images.squarespace-cdn.com/content/v1/5ace837a2487fdb13967b5b3/1557433982581-ZOWOTFU93T1X9VKGY7OB/ZMG-9914.jpg]
[www.boombox-boxing.com/our-story.html]
[images.squarespace-cdn.com/content/v1/5ace837a2487fdb13967b5b3/1578499752592-I7QU8KOK1R7F61IJ81VD/img-8775.jpg]
[www.boombox-boxing.com/the-workout.html]
[images.squarespace-cdn.com/content/v1/5ace837a2487fdb13967b5b3/1578447359540-34GXLAXM11GJWE7P9K63/22Untitled.png]
[assets.squarespace.com/universal/scripts-compressed/commerce-checkout-28300fc74fd63585723be-min.en-US.js]
[images.squarespace-cdn.com/content/v1/5ace837a2487fdb13967b5b3/1573064521766-KEDLVEAXO63NCI5ORW05/img_8526.jpg]
[images.squarespace-cdn.com/content/v1/5ace837a2487fdb13967b5b3/1578448500199-4FNBWRSTWYTDJAL9HSKL/dafaUntitled.png]
[images.squarespace-cdn.com/content/v1/5ace837a2487fdb13967b5b3/1573064529780-JYDG5I6PIKK14W3CAZZD/img_8865.jpg]
[images.squarespace-cdn.com/content/v1/5ace837a2487fdb13967b5b3/1573064537801-NJGIMV10XJSDBVY2GYJT/img_8600.jpg]
[www.boombox-boxing.com/first-timers.html]
[www.boombox-boxing.com/careers.html]
[images.squarespace-cdn.com/content/5ace837a2487fdb13967b5b3/1593092500652-X4OZYQPQXX8N91HV8LCO/623A102443a3.jpg]
[images.squarespace-cdn.com/content/v1/5ace837a2487fdb13967b5b3/1598800666482-113HOMOLUCTP5LZHZGG8/623A1194.jpg]
[images.squarespace-cdn.com/content/v1/5ace837a2487fdb13967b5b3/1598800941043-O2XDSKA8XQJRN5HZ164D/gloves-website.png]
[images.squarespace-cdn.com/content/v1/5ace837a2487fdb13967b5b3/1593092962646-52KPVCGDYEERSL8VKWFM/IMG_1066.jpg]
[www.boombox-boxing.com/house-rules.html]
[images.squarespace-cdn.com/content/v1/5ace837a2487fdb13967b5b3/1578986017820-69QSFMSKFM37JEQ76OE0/gloves.jpg]
[images.squarespace-cdn.com/content/v1/5ace837a2487fdb13967b5b3/1578986325356-UBS3MPMACCMQAN9Q7QSQ/boombox-team.jpg]
[www.boombox-boxing.com/press.html]
[www.boombox-boxing.com/terms.html]
[www.boombox-boxing.com/return-policy.html]
[www.boombox-boxing.com/login/index.html]
[images.squarespace-cdn.com/content/5ace837a2487fdb13967b5b3/1614278523489-G1S6B8O9DIGNYUCMI4NY/Screen+Shot+2021-02-22+at+11.54.59+AM5d45.png]
[www.boombox-boxing.com/store.html]
[www.boombox-boxing.com/store/jefe-glove.html]
[www.boombox-boxing.com/store/boombox-quick-gel-hand-wraps.html]
[images.squarespace-cdn.com/content/5ace837a2487fdb13967b5b3/1638141068724-YQMZBUD63DOD8ZN1QTL9/13porduct+shots43a3.jpg]
[www.boombox-boxing.com/store/1jccluz7ed08o5s81qn0ftuc6yleq7.html]
[www.boombox-boxing.com/store/ride-or-die-chic-leggings-colors-available-black-1.html]
[images.squarespace-cdn.com/content/5ace837a2487fdb13967b5b3/1638385910341-LJWNTBWMHG1VGAXDVO9K/Concrete+Tank+43a3.jpg]
[www.boombox-boxing.com/store/yut39twxoa3x1sndkvad0b5oj29dvq.html]
[images.squarespace-cdn.com/content/5ace837a2487fdb13967b5b3/1638386093227-YD4GTPDKPM5SGAFXMLWN/Assassin+Hoodie43a3.jpg]
[www.boombox-boxing.com/store/assassin-hoodie.html]
[images.squarespace-cdn.com/content/5ace837a2487fdb13967b5b3/1638386218484-SZG3PV2KL2824AX7UGTP/Oh+so+pretty+143a3.jpg]
[www.boombox-boxing.com/store/oh-so-pretty.html]
[images.squarespace-cdn.com/content/5ace837a2487fdb13967b5b3/1638386389275-S68X02H137PNOMT9FWQX/Say+it+with+yo+chest+43a3.jpg]
[www.boombox-boxing.com/store/say-it-with-yo-chest.html]
[images.squarespace-cdn.com/content/5ace837a2487fdb13967b5b3/1638386505192-2AHE7SOYVPKQD6918XBI/BOX+OUT+TANK43a3.jpg]
[www.boombox-boxing.com/store/box-out-tank.html]
[images.squarespace-cdn.com/content/5ace837a2487fdb13967b5b3/1638386708193-KZZRTJPKZS16GH3MY2E7/Creme+de+la+Croc243a3.jpg]
[www.boombox-boxing.com/store/creme-de-la-croc.html]
[images.squarespace-cdn.com/content/5ace837a2487fdb13967b5b3/1638386846243-DDPLZZH54OADGM43X89K/Edgy+bra+(1)43a3.jpg]
[www.boombox-boxing.com/store/edgy-bra.html]
[images.squarespace-cdn.com/content/5ace837a2487fdb13967b5b3/1638387081747-SGBLJGTKVHZECLTS476M/Money+set43a3.jpg]
[www.boombox-boxing.com/store/money-set.html]
[www.boombox-boxing.com/store/hallow-tee.html]
[www.boombox-boxing.com/store34d8.html]
[www.boombox-boxing.com/store123f.html]
[www.boombox-boxing.com/storeb046.html]
[www.boombox-boxing.com/store3254.html]
[www.boombox-boxing.com/store2fdd.html]
[www.boombox-boxing.com/store6367.html]
[www.boombox-boxing.com/storedad2.html]
[www.boombox-boxing.com/store641b.html]
[www.boombox-boxing.com/storedadf.html]
[www.boombox-boxing.com/store/see-you-lookin-t-shirt.html]
[www.boombox-boxing.com/storebfb0.html]
[www.boombox-boxing.com/store/see-you-lookin-tank.html]
[www.boombox-boxing.com/store7ec4.html]
[www.boombox-boxing.com/store/boombox-sports-bottle.html]
[images.squarespace-cdn.com/content/5ace837a2487fdb13967b5b3/1652493335122-2RKOOY4BA3UZAK218TGW/Angela-AJ-1ee8a.jpg]
[www.boombox-boxing.com/instructorsa409]
[www.boombox-boxing.com/instructors/angela.html]
[www.boombox-boxing.com/instructors2740.html]
[images.squarespace-cdn.com/content/5ace837a2487fdb13967b5b3/1652493404449-7158HMLFZENLW1VJ8I9E/Reggie+-+Jefe-1ee8a.jpg]
[www.boombox-boxing.com/instructors/reggie.html]
[images.squarespace-cdn.com/content/5ace837a2487fdb13967b5b3/1652493241937-R32YCL45WRR52J4SVYUO/David+-+Commander-1ee8a.jpg]
[www.boombox-boxing.com/instructors/david.html]
[images.squarespace-cdn.com/content/5ace837a2487fdb13967b5b3/1606839146117-6EEHD9Q95L3F2176575O/IMG_206243a3.jpg]
[www.boombox-boxing.com/instructors/belle.html]
[www.boombox-boxing.com/instructors/category/Instructors.html]
[images.squarespace-cdn.com/content/5ace837a2487fdb13967b5b3/1652492684071-Q0HJ5EIV87P842S5J35U/Roma-1ee8a.jpg]
[www.boombox-boxing.com/instructors/roma.html]
[images.squarespace-cdn.com/content/5ace837a2487fdb13967b5b3/1652493275068-V52IZ8SDY1TZ3W4IANPP/Aaron+-+The+Assassin-1ee8a.jpg]
[www.boombox-boxing.com/instructors/aaron.html]
[images.squarespace-cdn.com/content/5ace837a2487fdb13967b5b3/1652492868727-K1M47ZO929RURH32K80X/Thorpe+-+Thor+Jigga-1ee8a.jpg]
[www.boombox-boxing.com/instructors/thorpe.html]
[images.squarespace-cdn.com/content/5ace837a2487fdb13967b5b3/1652492814729-J1GOQYCCDEJT38YTC2D6/Rikkia+-+KO-1ee8a.jpg]
[www.boombox-boxing.com/instructors/rikkia.html]
[images.squarespace-cdn.com/content/5ace837a2487fdb13967b5b3/1652492757836-1E78FOCMF5SPQXQMHZ6T/Alyssia+-+Bolt-1ee8a.jpg]
[assets.squarespace.com/universal/scripts-compressed/extract-css-runtime-d41f6cf84139c06bc8ec6-min.en-US.js]
[www.boombox-boxing.com/instructors/alyssia.html]
[www.boombox-boxing.com/store.html]
[images.squarespace-cdn.com/content/5ace837a2487fdb13967b5b3/1660845790231-PYN0GBI769I8CQB8FPBP/IMG_636643a3.jpg]
[www.boombox-boxing.com/store/boombox-quick-gel-hand-wraps.html]
[images.squarespace-cdn.com/content/5ace837a2487fdb13967b5b3/1602886240947-FW7SI6EQ6GKE1WEP3M60/legg+-+design143a3.jpg]
[assets.squarespace.com/universal/scripts-compressed/commerce-ee893504ba228a3ad9c65-min.en-US.js]
[assets.squarespace.com/universal/scripts-compressed/common-vendors-a2c70f2cf6f9b6f5fe645-min.en-US.js]
[www.boombox-boxing.com/store/ride-or-die-chic-leggings-colors-available-black-1.html]
[images.squarespace-cdn.com/content/5ace837a2487fdb13967b5b3/1638905804354-1Z5YUCT7I0GTCUTIASOS/Hallow+Tee43a3.jpg]
[www.boombox-boxing.com/store/hallow-tee.html]
[www.boombox-boxing.com/store34d8.html]
[www.boombox-boxing.com/store123f.html]
[www.boombox-boxing.com/storeb046.html]
[www.boombox-boxing.com/store3254.html]
[www.boombox-boxing.com/store2fdd.html]
[www.boombox-boxing.com/store6367.html]
[www.boombox-boxing.com/storedadf.html]
[images.squarespace-cdn.com/content/5ace837a2487fdb13967b5b3/1597074276078-PLHIM2C088910Y7C9QHA/lookin-small2acd.png]
[www.boombox-boxing.com/store/see-you-lookin-t-shirt.html]
[images.squarespace-cdn.com/content/5ace837a2487fdb13967b5b3/1597074337571-BWUW2H4SYFVPF1F3A34F/chest-small2acd.png]
[www.boombox-boxing.com/store/see-you-lookin-tank.html]
[images.squarespace-cdn.com/content/5ace837a2487fdb13967b5b3/1588015349253-WRNELGB1DQAHPVXRETIJ/BOOMBOX+Sports+Bottle43a3.jpg]
[www.boombox-boxing.com/store/boombox-sports-bottle.html]
[www.boombox-boxing.com/instructors.html]
[www.boombox-boxing.com/instructors2740.html]
[www.boombox-boxing.com/instructors/category/Instructors.html]
[www.boombox-boxing.com/instructors31d7.html]
[www.boombox-boxing.com/instructors.html]
[www.boombox-boxing.com/instructorsd1ff.html]
[www.boombox-boxing.com/instructors31d7.html]
[www.boombox-boxing.com/instructors48ce.html]
[www.boombox-boxing.com/instructorsd1ff.html]
[www.boombox-boxing.com/instructors48ce.html]
[www.boombox-boxing.com/instructorsddca.html]
[www.boombox-boxing.com/instructorsddca.html]
